<?xml version="1.0" encoding="UTF-8"?>
<widget id="com.mysite.myclient" version="0.0.1" xmlns="http://www.w3.org/ns/widgets" xmlns:cdv="http://cordova.apache.org/ns/1.0" android-versionCode="1" ios-CFBundleVersion="1">
	<name>My Client</name>
	<description>An application for testing cordova config.</description>
	<author email="somewhere@someplace.com">Someone</author>
	<content src="out/index.html"/>
	<access origin="*"/>
	<allow-intent href="ftp:*"/>
	<allow-intent href="http://*/*"/>
	<allow-navigation href="*://*.example.com/*"/>
	<allow-navigation href="*://*.someplace.com/*"/>
	<preference name="fullscreen" value="true"/>
	<preference name="webviewbounce" value="false"/>
	<preference name="UIWebViewBounce" value="false"/>
	<preference name="DisallowOverscroll" value="true"/>
	<preference name="BackupWebStorage" value="none"/>
	<feature name="StatusBar">
		<param name="ios-package" value="CDVStatusBar" onload="true"/>
	</feature>
	<icon src="res/icon.png" width="60" height="60"/>
	<icon src="res/icon-rounded.png" platform="android"/>
	<platform name="android">
		<icon src="res/icon.jpg" density="ldpi"/>
		<icon src="res/icon.jpg" width="50" height="50"/>
		<splash src="res/splash-hdpi.png" density="port-hdpi"/>
		<splash src="res/splash-mdpi.png" density="port-mdpi"/>
	</platform>
	<platform name="ios">
		<preference name="fullscreen" value="false"/>
		<icon src="res/icon.jpg"/>
		<splash src="res/splash.png" width="320" height="480"/>
	</platform>
	<engine name="android" spec="4.0.2"/>
	<plugin name="cordova-plugin-file" spec="^3.0.0"/>
</widget>